diff --git a/frontend/src/app/app.routes.ts b/frontend/src/app/app.routes.ts
index 0f15765..f35683f 100644
--- a/frontend/src/app/app.routes.ts
+++ b/frontend/src/app/app.routes.ts
@@ -28,7 +28,7 @@ export const routes: Routes = [
       },
 
       {
-        path: 'parts',
+        path: 'parts/search',
         component: PartsSearchComponent,
       },
 
diff --git a/frontend/src/app/core/services/part.service.ts b/frontend/src/app/core/services/part.service.ts
index 36241e7..0f7608e 100644
--- a/frontend/src/app/core/services/part.service.ts
+++ b/frontend/src/app/core/services/part.service.ts
@@ -46,49 +46,26 @@ export class PartService {
 
 
   searchParts(
-
     vehicleId: string,
-
     query: string,
-
   ): Observable<PartSearchResult[]> {
 
-
-    const params =
-
-      new HttpParams()
-
-        .set(
-          'vehicle_id',
-          vehicleId
-        )
-
-        .set(
-          'query',
-          query
-        );
-
+    const params = new HttpParams()
+      .set('vehicle_id', vehicleId)
+      .set('query', query);
 
     return this.http
-
       .get<PartSearchResponse>(
-
-        `${this.api}/search/parts`,
-
+        `${this.api}/parts/search`,
         {
           params,
         }
-
       )
-
       .pipe(
-
         map(response =>
           response.results ?? []
         )
-
       );
-
   }
 
 }
\ No newline at end of file
diff --git a/frontend/src/app/parts/parts-search/parts-search.html b/frontend/src/app/parts/parts-search/parts-search.html
index fb334e5..ddfae4b 100644
--- a/frontend/src/app/parts/parts-search/parts-search.html
+++ b/frontend/src/app/parts/parts-search/parts-search.html
@@ -1,74 +1,51 @@
-<h2>
-  Search Parts
-</h2>
+<div class="parts-search">
 
+  <h2>Search Parts</h2>
 
-<div class="search-form">
-
-
-  <mat-form-field>
-
-    <mat-label>
-      Vehicle
-    </mat-label>
-
+  <mat-form-field appearance="outline">
+    <mat-label>Vehicle</mat-label>
 
     <mat-select
       [(ngModel)]="selectedVehicle"
     >
 
-      <mat-option
-        *ngFor="let vehicle of vehicles"
-        [value]="vehicle.id"
-      >
+      @for (vehicle of vehicles; track vehicle.id) {
 
-        {{ vehicle.year }}
-        {{ vehicle.make }}
-        {{ vehicle.model }}
+        <mat-option [value]="vehicle.id">
 
-      </mat-option>
+          {{ vehicle.year }}
+          {{ vehicle.make }}
+          {{ vehicle.model }}
 
-    </mat-select>
+        </mat-option>
 
-  </mat-form-field>
+      }
 
+    </mat-select>
 
+  </mat-form-field>
 
-  <mat-form-field>
 
-    <mat-label>
-      Part Search
-    </mat-label>
+  <mat-form-field appearance="outline">
 
+    <mat-label>Part Search</mat-label>
 
     <input
-
       matInput
-
       [(ngModel)]="searchQuery"
-
       placeholder="Brake pads"
-
       (keyup.enter)="search()"
-
     />
 
   </mat-form-field>
 
 
-
   <button
-
     mat-raised-button
-
     color="primary"
-
     type="button"
-
     (click)="search()"
-
     [disabled]="loading"
-
   >
 
     {{ loading ? 'Searching...' : 'Search' }}
@@ -76,269 +53,170 @@
   </button>
 
 
-</div>
-
-
-
-<!-- Error -->
-
-<p
-  class="error"
-  *ngIf="error"
->
-
-  {{ error }}
-
-</p>
+  @if (error) {
 
+    <div class="error-message">
+      {{ error }}
+    </div>
 
+  }
 
-<!-- Loading -->
+  @if (!loading && results.length > 0) {
 
-<p
-  *ngIf="loading"
->
+    <div class="results-container">
 
-  Searching...
-
-</p>
-
-
-
-<!-- Results -->
-
-<div
-  *ngIf="!loading && results.length > 0"
->
-
-  <h3>
-    Search Results
-  </h3>
-
-
-  <p>
-    Found {{ results.length }} result(s).
-  </p>
-
-
-  <table
-
-    mat-table
-
-    [dataSource]="results"
-
-    class="mat-elevation-z2"
-
-  >
-
-
-    <ng-container
-      matColumnDef="name"
-    >
-
-      <th
-        mat-header-cell
-        *matHeaderCellDef
+      <table
+        mat-table
+        [dataSource]="results"
+        class="mat-elevation-z2"
       >
 
-        Part
+        <ng-container matColumnDef="name">
 
-      </th>
+          <th
+            mat-header-cell
+            *matHeaderCellDef
+          >
+            Part
+          </th>
 
+          <td
+            mat-cell
+            *matCellDef="let part"
+          >
+            {{ part.name }}
+          </td>
 
-      <td
-        mat-cell
-        *matCellDef="let part"
-      >
+        </ng-container>
 
-        {{ part.name }}
 
-      </td>
+        <ng-container matColumnDef="retailer">
 
-    </ng-container>
+          <th
+            mat-header-cell
+            *matHeaderCellDef
+          >
+            Retailer
+          </th>
 
+          <td
+            mat-cell
+            *matCellDef="let part"
+          >
+            {{ part.retailer }}
+          </td>
 
+        </ng-container>
 
-    <ng-container
-      matColumnDef="retailer"
-    >
-
-      <th
-        mat-header-cell
-        *matHeaderCellDef
-      >
 
-        Retailer
+        <ng-container matColumnDef="brand">
 
-      </th>
-
-
-      <td
-        mat-cell
-        *matCellDef="let part"
-      >
+          <th
+            mat-header-cell
+            *matHeaderCellDef
+          >
+            Brand
+          </th>
 
-        {{ part.retailer }}
+          <td
+            mat-cell
+            *matCellDef="let part"
+          >
+            {{ part.brand }}
+          </td>
 
-      </td>
+        </ng-container>
 
-    </ng-container>
 
+        <ng-container matColumnDef="part_number">
 
+          <th
+            mat-header-cell
+            *matHeaderCellDef
+          >
+            Part #
+          </th>
 
-    <ng-container
-      matColumnDef="brand"
-    >
-
-      <th
-        mat-header-cell
-        *matHeaderCellDef
-      >
-
-        Brand
-
-      </th>
-
-
-      <td
-        mat-cell
-        *matCellDef="let part"
-      >
-
-        {{ part.brand }}
-
-      </td>
-
-    </ng-container>
-
-
-
-    <ng-container
-      matColumnDef="part_number"
-    >
-
-      <th
-        mat-header-cell
-        *matHeaderCellDef
-      >
-
-        Part #
-
-      </th>
-
-
-      <td
-        mat-cell
-        *matCellDef="let part"
-      >
-
-        {{ part.part_number }}
-
-      </td>
-
-    </ng-container>
-
-
-
-    <ng-container
-      matColumnDef="price"
-    >
-
-      <th
-        mat-header-cell
-        *matHeaderCellDef
-      >
-
-        Price
-
-      </th>
-
-
-      <td
-        mat-cell
-        *matCellDef="let part"
-      >
-
-        {{ part.price | currency }}
-
-      </td>
-
-    </ng-container>
-
-
-
-    <ng-container
-      matColumnDef="availability"
-    >
-
-      <th
-        mat-header-cell
-        *matHeaderCellDef
-      >
-
-        Availability
-
-      </th>
-
-
-      <td
-        mat-cell
-        *matCellDef="let part"
-      >
-
-        {{ part.in_stock
-          ? 'In Stock'
-          : 'Out of Stock'
-        }}
-
-      </td>
+          <td
+            mat-cell
+            *matCellDef="let part"
+          >
+            {{ part.part_number }}
+          </td>
 
-    </ng-container>
+        </ng-container>
 
 
+        <ng-container matColumnDef="price">
 
-    <tr
+          <th
+            mat-header-cell
+            *matHeaderCellDef
+          >
+            Price
+          </th>
 
-      mat-header-row
+          <td
+            mat-cell
+            *matCellDef="let part"
+          >
+            {{ part.price | currency }}
+          </td>
 
-      *matHeaderRowDef="
-        displayedColumns
-      "
+        </ng-container>
 
-    ></tr>
 
+        <ng-container matColumnDef="availability">
 
-    <tr
+          <th
+            mat-header-cell
+            *matHeaderCellDef
+          >
+            Availability
+          </th>
 
-      mat-row
+          <td
+            mat-cell
+            *matCellDef="let part"
+          >
+            {{ part.in_stock ? 'In Stock' : 'Out of Stock' }}
+          </td>
 
-      *matRowDef="
-        let row;
-        columns: displayedColumns
-      "
+        </ng-container>
 
-    ></tr>
 
+        <tr
+          mat-header-row
+          *matHeaderRowDef="displayedColumns"
+        ></tr>
 
-  </table>
 
-</div>
+        <tr
+          mat-row
+          *matRowDef="
+            let row;
+            columns: displayedColumns
+          "
+        ></tr>
 
+      </table>
 
+    </div>
 
-<!-- No results -->
+  }
 
-<p
 
-  *ngIf="
+  @if (
     !loading &&
     !error &&
     searchQuery &&
     results.length === 0
-  "
+  ) {
 
->
+    <div class="no-results">
+      No parts found for this search.
+    </div>
 
-  No parts found for this search.
+  }
 
-</p>
\ No newline at end of file
+</div>
\ No newline at end of file
diff --git a/frontend/src/app/parts/parts-search/parts-search.spec.ts b/frontend/src/app/parts/parts-search/parts-search.spec.ts
index 775f59e..59082b7 100644
--- a/frontend/src/app/parts/parts-search/parts-search.spec.ts
+++ b/frontend/src/app/parts/parts-search/parts-search.spec.ts
@@ -1,22 +1,335 @@
-import { ComponentFixture, TestBed } from '@angular/core/testing';
+import {
+  ComponentFixture,
+  TestBed,
+} from '@angular/core/testing';
 
-import { PartsSearchComponent } from './parts-search';
+import {
+  HttpTestingController,
+  provideHttpClientTesting,
+} from '@angular/common/http/testing';
+
+import {
+  provideHttpClient,
+} from '@angular/common/http';
+
+import {
+  PartsSearchComponent,
+} from './parts-search';
+
+import {
+  VehicleService,
+} from '../../core/services/vehicle.service';
+
+import {
+  Vehicle,
+} from '../../core/models/vehicle.model';
+
+import {
+  PartService,
+} from '../../core/services/part.service';
+
+import {
+  PartSearchResult,
+} from '../../core/models/part.model';
 
 describe('PartsSearch', () => {
+
   let component: PartsSearchComponent;
+
   let fixture: ComponentFixture<PartsSearchComponent>;
 
+  let httpTestingController: HttpTestingController;
+
+
+  const vehicle: Vehicle = {
+    id: 'vehicle-1',
+    customer_id: 'customer-1',
+    vin: '1HGBH41JXMN109186',
+    year: 2020,
+    make: 'Toyota',
+    model: 'Camry',
+  };
+
+
+  const searchResults: PartSearchResult[] = [
+    {
+      retailer: 'AutoZone',
+      brand: 'FRAM',
+      part_number: 'PH6607',
+      name: 'FRAM Extra Guard Oil Filter',
+      description: 'Engine oil filter',
+      price: 9.99,
+      currency: 'USD',
+      in_stock: true,
+      product_url: 'https://example.com/part',
+      image_url: 'https://example.com/image.jpg',
+    },
+    {
+      retailer: 'NAPA',
+      brand: 'WIX',
+      part_number: '57002',
+      name: 'WIX Oil Filter',
+      description: 'Premium oil filter',
+      price: 12.49,
+      currency: 'USD',
+      in_stock: true,
+      product_url: 'https://example.com/wix',
+      image_url: 'https://example.com/wix.jpg',
+    },
+  ];
+
+
   beforeEach(async () => {
+
     await TestBed.configureTestingModule({
-      imports: [PartsSearchComponent],
+
+      imports: [
+        PartsSearchComponent,
+      ],
+
+      providers: [
+        VehicleService,
+        PartService,
+
+        provideHttpClient(),
+
+        provideHttpClientTesting(),
+      ],
+
     }).compileComponents();
 
-    fixture = TestBed.createComponent(PartsSearchComponent);
-    component = fixture.componentInstance;
+
+    httpTestingController =
+      TestBed.inject(
+        HttpTestingController
+      );
+
+
+    fixture =
+      TestBed.createComponent(
+        PartsSearchComponent
+      );
+
+
+    component =
+      fixture.componentInstance;
+
+
+    fixture.detectChanges();
+
+
+    const vehicleRequest =
+      httpTestingController.expectOne(
+        request =>
+          request.url.includes(
+            '/api/v1/vehicles'
+          )
+      );
+
+
+    expect(
+      vehicleRequest.request.method
+    ).toBe('GET');
+
+
+    vehicleRequest.flush([
+      vehicle,
+    ]);
+
+
     await fixture.whenStable();
+
   });
 
+
+  afterEach(() => {
+
+    httpTestingController.verify();
+
+  });
+
+
   it('should create', () => {
+
     expect(component).toBeTruthy();
+
+  });
+
+
+  it('should load vehicles', () => {
+
+    expect(
+      component.vehicles
+    ).toEqual([
+      vehicle,
+    ]);
+
   });
-});
+
+
+  it(
+    'should require a vehicle before searching',
+    () => {
+
+      component.searchQuery =
+        'oil filter';
+
+      component.selectedVehicle =
+        '';
+
+      component.search();
+
+      expect(
+        component.error
+      ).toBe(
+        'Please select a vehicle.'
+      );
+
+    }
+  );
+
+
+  it(
+    'should require a search query',
+    () => {
+
+      component.selectedVehicle =
+        vehicle.id;
+
+      component.searchQuery =
+        '   ';
+
+      component.search();
+
+      expect(
+        component.error
+      ).toBe(
+        'Please enter a part to search for.'
+      );
+
+    }
+  );
+
+
+  it(
+    'should search for parts',
+    () => {
+
+      component.selectedVehicle =
+        vehicle.id;
+
+      component.searchQuery =
+        'oil filter';
+
+
+      component.search();
+
+
+      const request =
+        httpTestingController.expectOne(
+          req =>
+            req.url.includes(
+              '/api/v1/parts/search'
+            )
+        );
+
+
+      expect(
+        request.request.method
+      ).toBe('GET');
+
+
+      expect(
+        request.request.params.get(
+          'vehicle_id'
+        )
+      ).toBe(
+        vehicle.id
+      );
+
+
+      expect(
+        request.request.params.get(
+          'query'
+        )
+      ).toBe(
+        'oil filter'
+      );
+
+
+      request.flush({
+        results: searchResults,
+      });
+
+
+      expect(
+        component.results
+      ).toEqual(
+        searchResults
+      );
+
+
+      expect(
+        component.loading
+      ).toBeFalsy();
+
+    }
+  );
+
+
+  it(
+    'should handle search errors',
+    () => {
+
+      component.selectedVehicle =
+        vehicle.id;
+
+      component.searchQuery =
+        'oil filter';
+
+
+      component.search();
+
+
+      const request =
+        httpTestingController.expectOne(
+          req =>
+            req.url.includes(
+              '/api/v1/parts/search'
+            )
+        );
+
+
+      request.flush(
+        {
+          error:
+            'Part search failed',
+        },
+        {
+          status: 500,
+          statusText:
+            'Internal Server Error',
+        }
+      );
+
+
+      expect(
+        component.results
+      ).toEqual([]);
+
+
+      expect(
+        component.error
+      ).toBe(
+        'Part search failed'
+      );
+
+
+      expect(
+        component.loading
+      ).toBeFalsy();
+
+    }
+  );
+
+});
\ No newline at end of file
diff --git a/frontend/src/app/parts/parts-search/parts-search.ts b/frontend/src/app/parts/parts-search/parts-search.ts
index 62c1619..4cfd0e9 100644
--- a/frontend/src/app/parts/parts-search/parts-search.ts
+++ b/frontend/src/app/parts/parts-search/parts-search.ts
@@ -1,4 +1,5 @@
 import {
+  ChangeDetectorRef,
   Component,
   OnInit,
 } from '@angular/core';
@@ -45,146 +46,90 @@ import {
 
 
 @Component({
-
   selector: 'app-parts-search',
-
   standalone: true,
 
   imports: [
-
     CommonModule,
-
     FormsModule,
-
     MatInputModule,
-
     MatButtonModule,
-
     MatSelectModule,
-
     MatTableModule,
-
   ],
 
-  templateUrl:
-    './parts-search.html',
-
-  styleUrl:
-    './parts-search.scss',
-
+  templateUrl: './parts-search.html',
+  styleUrl: './parts-search.scss',
 })
-
-
-export class PartsSearchComponent
-implements OnInit {
-
+export class PartsSearchComponent implements OnInit {
 
   vehicles: Vehicle[] = [];
 
-
   selectedVehicle = '';
 
   searchQuery = '';
 
-
   results: PartSearchResult[] = [];
 
-
   loading = false;
 
   error = '';
 
-
   displayedColumns = [
-
     'name',
-
     'retailer',
-
     'brand',
-
     'part_number',
-
     'price',
-
     'availability',
-
   ];
 
 
   constructor(
-
-    private vehicleService:
-      VehicleService,
-
-    private partService:
-      PartService,
-
+    private vehicleService: VehicleService,
+    private partService: PartService,
+    private cdr: ChangeDetectorRef,
   ) {}
 
 
   ngOnInit(): void {
-
-    console.log(
-      'PartsSearchComponent INIT'
-    );
-
     this.loadVehicles();
-
   }
 
 
   loadVehicles(): void {
 
-    console.log(
-      'LOADING VEHICLES'
-    );
-
+    this.error = '';
 
     this.vehicleService
-
       .getVehicles()
-
       .subscribe({
 
         next: data => {
-
-          console.log(
-            'VEHICLES LOADED',
-            data
-          );
-
-
-          this.vehicles = data;
-
+          this.vehicles = data ?? [];
         },
 
-
         error: err => {
 
           console.error(
-            'VEHICLE LOAD ERROR',
-            err
+            'Vehicle load error',
+            err,
           );
 
+          this.vehicles = [];
 
           this.error =
             'Unable to load vehicles. Please log in again.';
 
+          this.cdr.detectChanges();
         },
 
       });
-
   }
 
 
   search(): void {
 
-    console.log(
-      'SEARCH BUTTON CLICKED'
-    );
-
-
     this.error = '';
 
     this.results = [];
@@ -196,108 +141,61 @@ implements OnInit {
         'Please select a vehicle.';
 
       return;
-
     }
 
 
-    if (!this.searchQuery.trim()) {
+    const query =
+      this.searchQuery.trim();
+
+
+    if (!query) {
 
       this.error =
         'Please enter a part to search for.';
 
       return;
-
     }
 
 
     this.loading = true;
 
 
-    const query =
-      this.searchQuery.trim();
-
-
-    console.log(
-      'SEARCH START',
-      this.selectedVehicle,
-      query
-    );
-
-
     this.partService
-
       .searchParts(
-
         this.selectedVehicle,
-
-        query
-
+        query,
       )
-
       .subscribe({
 
         next: data => {
 
-          console.log(
-            'SEARCH RESPONSE',
-            data
-          );
-
-
-          this.results = data ?? [];
-
-
-          console.log(
-            'RESULT COUNT',
-            this.results.length
-          );
-
-
-          console.log(
-            'RESULTS AFTER ASSIGN',
-            this.results
-          );
-
+          this.results =
+            data ?? [];
 
           this.loading = false;
 
-
-          console.log(
-            'LOADING AFTER SUCCESS',
-            this.loading
-          );
-
+          this.cdr.detectChanges();
         },
 
 
         error: err => {
 
           console.error(
-            'SEARCH ERROR',
-            err
+            'Part search error',
+            err,
           );
 
-
           this.results = [];
 
-
           this.error =
             err.error?.error ??
             'Search failed. Please try again.';
 
-
           this.loading = false;
 
-
-          console.log(
-            'LOADING AFTER ERROR',
-            this.loading
-          );
-
+          this.cdr.detectChanges();
         },
 
       });
-
   }
-
-}
+}
\ No newline at end of file
